{"synthetic": false,
 "schemaVersion": "2025-09-10",
 "outputs":
 {"o": ["d35ed249a0120069.olean"],
  "m": false,
  "i": "297039d0ff23207b.ilean",
  "c": "5cf028c9c6e60268.c"},
 "log":
 [{"message":
   ".> LEAN_PATH=C:\\Users\\USER\\Desktop\\project\\LEAN\\RepresentaionTheory\\.lake\\packages\\Cli\\.lake\\build\\lib\\lean;C:\\Users\\USER\\Desktop\\project\\LEAN\\RepresentaionTheory\\.lake\\packages\\batteries\\.lake\\build\\lib\\lean;C:\\Users\\USER\\Desktop\\project\\LEAN\\RepresentaionTheory\\.lake\\packages\\Qq\\.lake\\build\\lib\\lean;C:\\Users\\USER\\Desktop\\project\\LEAN\\RepresentaionTheory\\.lake\\packages\\aesop\\.lake\\build\\lib\\lean;C:\\Users\\USER\\Desktop\\project\\LEAN\\RepresentaionTheory\\.lake\\packages\\proofwidgets\\.lake\\build\\lib\\lean;C:\\Users\\USER\\Desktop\\project\\LEAN\\RepresentaionTheory\\.lake\\packages\\importGraph\\.lake\\build\\lib\\lean;C:\\Users\\USER\\Desktop\\project\\LEAN\\RepresentaionTheory\\.lake\\packages\\LeanSearchClient\\.lake\\build\\lib\\lean;C:\\Users\\USER\\Desktop\\project\\LEAN\\RepresentaionTheory\\.lake\\packages\\plausible\\.lake\\build\\lib\\lean;C:\\Users\\USER\\Desktop\\project\\LEAN\\RepresentaionTheory\\.lake\\packages\\mathlib\\.lake\\build\\lib\\lean;C:\\Users\\USER\\Desktop\\project\\LEAN\\RepresentaionTheory\\.lake\\build\\lib\\lean c:\\Users\\USER\\.elan\\toolchains\\leanprover--lean4---v4.30.0\\bin\\lean.exe C:\\Users\\USER\\Desktop\\project\\LEAN\\RepresentaionTheory\\RepThe.lean -o C:\\Users\\USER\\Desktop\\project\\LEAN\\RepresentaionTheory\\.lake\\build\\lib\\lean\\RepThe.olean -i C:\\Users\\USER\\Desktop\\project\\LEAN\\RepresentaionTheory\\.lake\\build\\lib\\lean\\RepThe.ilean -c C:\\Users\\USER\\Desktop\\project\\LEAN\\RepresentaionTheory\\.lake\\build\\ir\\RepThe.c --setup C:\\Users\\USER\\Desktop\\project\\LEAN\\RepresentaionTheory\\.lake\\build\\ir\\RepThe.setup.json --json",
   "level": "trace"}],
 "inputs":
 [["RepThe:deps",
   [["deps",
     [["RepresentaionTheory/RepThe:extraDep",
       [["@RepresentaionTheory:extraDep", "00000000000006bb"]]],
      ["imports",
       [["RepThe.Basic transitive imports (legacy)", "d73ecd4ac5bf01bc"],
        ["RepThe.Basic:importAllArts", "dbe7eb88decc18f5"]]]]],
    ["libs",
     [["import dynlibs", "00000000000006bb"],
      ["package external libraries", "00000000000006bb"],
      ["module dynlibs", "00000000000006bb"],
      ["module plugins", "00000000000006bb"]]]]],
  ["Lean 4.30.0, commit d024af099ca4bf2c86f649261ebf59565dc8c622",
   "2f4703bb19086252"],
  ["C:\\Users\\USER\\Desktop\\project\\LEAN\\RepresentaionTheory\\RepThe.lean",
   "89b91e0a16dee0c6"],
  ["options", "00000000000006bb"],
  ["isModule: false", "feefd2a0d3a1847e"],
  ["Module.name: RepThe", "0c61c1f949ba52c3"],
  ["Package.id?: (some RepresentaionTheory)", "7f314b84ba8d6520"],
  ["Module.leanArgs: #[]", "00000000000006bb"]],
 "depHash": "d4163094d2abef35"}